$ aws --region us-west-2 rds describe-events --duration 240 --start-time 2026-09-11T22:00:00Z --end-time 2026-09-12T01:00:00Z --source-type db-cluster --source-identifier ims-account-aurora-us-west-2-cluster --output json

An error occurred (InvalidParameterCombination) when calling the DescribeEvents operation: If Duration is specified, both StartTime and EndTime must be omitted.

$ aws --region us-west-2 rds describe-events --duration 240 --start-time 2026-09-11T22:00:00Z --end-time 2026-09-12T01:00:00Z --source-type db-instance --source-identifier ims-account-aurora-us-west-2-cluster-2 --output json

An error occurred (InvalidParameterCombination) when calling the DescribeEvents operation: If Duration is specified, both StartTime and EndTime must be omitted.

$ aws --region us-west-2 rds describe-events --duration 240 --start-time 2026-09-11T22:00:00Z --end-time 2026-09-12T01:00:00Z --source-type db-instance --source-identifier ims-account-aurora-us-west-2-cluster-1 --output json

An error occurred (InvalidParameterCombination) when calling the DescribeEvents operation: If Duration is specified, both StartTime and EndTime must be omitted.

$ aws --region us-west-2 rds describe-events --duration 240 --start-time 2026-09-11T22:00:00Z --end-time 2026-09-12T01:00:00Z --source-type db-instance --source-identifier ims-account-aurora-us-west-2-cluster-0 --output json

An error occurred (InvalidParameterCombination) when calling the DescribeEvents operation: If Duration is specified, both StartTime and EndTime must be omitted.

$ aws --region us-east-1 rds describe-events --duration 240 --start-time 2026-09-11T22:00:00Z --end-time 2026-09-12T01:00:00Z --source-type db-cluster --source-identifier ims-account-aurora-us-east-1-cluster --output json

An error occurred (InvalidParameterCombination) when calling the DescribeEvents operation: If Duration is specified, both StartTime and EndTime must be omitted.

$ aws --region us-east-1 rds describe-events --duration 240 --start-time 2026-09-11T22:00:00Z --end-time 2026-09-12T01:00:00Z --source-type db-instance --source-identifier ims-account-aurora-us-east-1-cluster-0 --output json

An error occurred (InvalidParameterCombination) when calling the DescribeEvents operation: If Duration is specified, both StartTime and EndTime must be omitted.

$ aws --region us-east-1 rds describe-events --duration 240 --start-time 2026-09-11T22:00:00Z --end-time 2026-09-12T01:00:00Z --source-type db-instance --source-identifier ims-account-aurora-us-east-1-cluster-2 --output json

An error occurred (InvalidParameterCombination) when calling the DescribeEvents operation: If Duration is specified, both StartTime and EndTime must be omitted.

$ aws --region us-east-1 rds describe-events --duration 240 --start-time 2026-09-11T22:00:00Z --end-time 2026-09-12T01:00:00Z --source-type db-instance --source-identifier ims-account-aurora-us-east-1-cluster-1 --output json

An error occurred (InvalidParameterCombination) when calling the DescribeEvents operation: If Duration is specified, both StartTime and EndTime must be omitted.

$ aws --region us-west-2 rds describe-events --duration 240 --start-time 2026-09-11T22:00:00Z --end-time 2026-09-12T01:00:00Z --source-type db-cluster --source-identifier ims-account-aurora-us-west-2-cluster --output json

An error occurred (InvalidParameterCombination) when calling the DescribeEvents operation: If Duration is specified, both StartTime and EndTime must be omitted.

$ aws --region us-west-2 rds describe-events --duration 240 --start-time 2026-09-11T22:00:00Z --end-time 2026-09-12T01:00:00Z --source-type db-instance --source-identifier ims-account-aurora-us-west-2-cluster-2 --output json

An error occurred (InvalidParameterCombination) when calling the DescribeEvents operation: If Duration is specified, both StartTime and EndTime must be omitted.

$ aws --region us-west-2 rds describe-events --duration 240 --start-time 2026-09-11T22:00:00Z --end-time 2026-09-12T01:00:00Z --source-type db-instance --source-identifier ims-account-aurora-us-west-2-cluster-1 --output json

An error occurred (InvalidParameterCombination) when calling the DescribeEvents operation: If Duration is specified, both StartTime and EndTime must be omitted.

$ aws --region us-west-2 rds describe-events --duration 240 --start-time 2026-09-11T22:00:00Z --end-time 2026-09-12T01:00:00Z --source-type db-instance --source-identifier ims-account-aurora-us-west-2-cluster-0 --output json

An error occurred (InvalidParameterCombination) when calling the DescribeEvents operation: If Duration is specified, both StartTime and EndTime must be omitted.

$ aws --region us-east-1 rds describe-events --duration 240 --start-time 2026-09-11T22:00:00Z --end-time 2026-09-12T01:00:00Z --source-type db-cluster --source-identifier ims-account-aurora-us-east-1-cluster --output json

An error occurred (InvalidParameterCombination) when calling the DescribeEvents operation: If Duration is specified, both StartTime and EndTime must be omitted.

$ aws --region us-east-1 rds describe-events --duration 240 --start-time 2026-09-11T22:00:00Z --end-time 2026-09-12T01:00:00Z --source-type db-instance --source-identifier ims-account-aurora-us-east-1-cluster-0 --output json

An error occurred (InvalidParameterCombination) when calling the DescribeEvents operation: If Duration is specified, both StartTime and EndTime must be omitted.

$ aws --region us-east-1 rds describe-events --duration 240 --start-time 2026-09-11T22:00:00Z --end-time 2026-09-12T01:00:00Z --source-type db-instance --source-identifier ims-account-aurora-us-east-1-cluster-2 --output json

An error occurred (InvalidParameterCombination) when calling the DescribeEvents operation: If Duration is specified, both StartTime and EndTime must be omitted.

$ aws --region us-east-1 rds describe-events --duration 240 --start-time 2026-09-11T22:00:00Z --end-time 2026-09-12T01:00:00Z --source-type db-instance --source-identifier ims-account-aurora-us-east-1-cluster-1 --output json

An error occurred (InvalidParameterCombination) when calling the DescribeEvents operation: If Duration is specified, both StartTime and EndTime must be omitted.

